z0018462_z0045928,18998
z0018462_z0045928
18998
z0018462
z0045928
z0018462_z0045928_hPSMC_sim_100000.ms_sim.psmc.out.0.txt
z0018462_z0045928_hPSMC_sim_100000
100000
z0018462_z0045928_hPSMC_sim_10000.ms_sim.psmc.out.0.txt
z0018462_z0045928_hPSMC_sim_10000
10000
z0018462_z0045928_hPSMC_sim_110000.ms_sim.psmc.out.0.txt
z0018462_z0045928_hPSMC_sim_110000
110000
z0018462_z0045928_hPSMC_sim_120000.ms_sim.psmc.out.0.txt
z0018462_z0045928_hPSMC_sim_120000
120000
z0018462_z0045928_hPSMC_sim_130000.ms_sim.psmc.out.0.txt
z0018462_z0045928_hPSMC_sim_130000
130000
z0018462_z0045928_hPSMC_sim_140000.ms_sim.psmc.out.0.txt
z0018462_z0045928_hPSMC_sim_140000
140000
z0018462_z0045928_hPSMC_sim_150000.ms_sim.psmc.out.0.txt
z0018462_z0045928_hPSMC_sim_150000
150000
z0018462_z0045928_hPSMC_sim_160000.ms_sim.psmc.out.0.txt
z0018462_z0045928_hPSMC_sim_160000
160000
z0018462_z0045928_hPSMC_sim_170000.ms_sim.psmc.out.0.txt
z0018462_z0045928_hPSMC_sim_170000
170000
z0018462_z0045928_hPSMC_sim_180000.ms_sim.psmc.out.0.txt
z0018462_z0045928_hPSMC_sim_180000
180000
z0018462_z0045928_hPSMC_sim_190000.ms_sim.psmc.out.0.txt
z0018462_z0045928_hPSMC_sim_190000
190000
z0018462_z0045928_hPSMC_sim_200000.ms_sim.psmc.out.0.txt
z0018462_z0045928_hPSMC_sim_200000
200000
z0018462_z0045928_hPSMC_sim_20000.ms_sim.psmc.out.0.txt
z0018462_z0045928_hPSMC_sim_20000
20000
z0018462_z0045928_hPSMC_sim_210000.ms_sim.psmc.out.0.txt
z0018462_z0045928_hPSMC_sim_210000
210000
z0018462_z0045928_hPSMC_sim_220000.ms_sim.psmc.out.0.txt
z0018462_z0045928_hPSMC_sim_220000
220000
z0018462_z0045928_hPSMC_sim_230000.ms_sim.psmc.out.0.txt
z0018462_z0045928_hPSMC_sim_230000
230000
z0018462_z0045928_hPSMC_sim_240000.ms_sim.psmc.out.0.txt
z0018462_z0045928_hPSMC_sim_240000
240000
z0018462_z0045928_hPSMC_sim_250000.ms_sim.psmc.out.0.txt
z0018462_z0045928_hPSMC_sim_250000
250000
z0018462_z0045928_hPSMC_sim_260000.ms_sim.psmc.out.0.txt
z0018462_z0045928_hPSMC_sim_260000
260000
z0018462_z0045928_hPSMC_sim_270000.ms_sim.psmc.out.0.txt
z0018462_z0045928_hPSMC_sim_270000
270000
z0018462_z0045928_hPSMC_sim_280000.ms_sim.psmc.out.0.txt
z0018462_z0045928_hPSMC_sim_280000
280000
z0018462_z0045928_hPSMC_sim_290000.ms_sim.psmc.out.0.txt
z0018462_z0045928_hPSMC_sim_290000
290000
z0018462_z0045928_hPSMC_sim_300000.ms_sim.psmc.out.0.txt
z0018462_z0045928_hPSMC_sim_300000
300000
z0018462_z0045928_hPSMC_sim_30000.ms_sim.psmc.out.0.txt
z0018462_z0045928_hPSMC_sim_30000
30000
z0018462_z0045928_hPSMC_sim_40000.ms_sim.psmc.out.0.txt
z0018462_z0045928_hPSMC_sim_40000
40000
z0018462_z0045928_hPSMC_sim_50000.ms_sim.psmc.out.0.txt
z0018462_z0045928_hPSMC_sim_50000
50000
z0018462_z0045928_hPSMC_sim_60000.ms_sim.psmc.out.0.txt
z0018462_z0045928_hPSMC_sim_60000
60000
z0018462_z0045928_hPSMC_sim_70000.ms_sim.psmc.out.0.txt
z0018462_z0045928_hPSMC_sim_70000
70000
z0018462_z0045928_hPSMC_sim_80000.ms_sim.psmc.out.0.txt
z0018462_z0045928_hPSMC_sim_80000
80000
z0018462_z0045928_hPSMC_sim_90000.ms_sim.psmc.out.0.txt
z0018462_z0045928_hPSMC_sim_90000
90000
/home/pmorin/projects/Pcra/hPSMC_Dsuite_June2025/hPSMC/hPSMC_output/z0018462_z0045928_9.10E10_msy_t15_psmc.out.0.txt
