IQ-TREE multicore version 2.3.6 for MacOS ARM 64-bit built Aug  4 2024
Developed by Bui Quang Minh, Nguyen Lam Tung, Olga Chernomor, Heiko Schmidt,
Dominik Schrempf, Michael Woodhams, Ly Trong Nhan, Thomas Wong

Host:    SWC-KMARTIEN1-ML.NMFS.LOCAL (SSE4.2, 36 GB RAM)
Command: iqtree -s alignments/aln3_Pcra_only.phy -p IQtree/aln3-CDS-3rd-codons_partition.nex -m MF+MERGE -T AUTO --prefix IQtree/aln3-CDS-3rd-codons/aln3-CDS-3rd-codons
Seed:    834395 (Using SPRNG - Scalable Parallel Random Number Generator)
Time:    Fri May  9 13:29:42 2025
Kernel:  SSE2 - auto-detect threads (12 CPU cores detected)

Reading partition model file IQtree/aln3-CDS-3rd-codons_partition.nex ...
Reading alignment file alignments/aln3_Pcra_only.phy ... Phylip format detected
Alignment most likely contains DNA/RNA sequences
Alignment has 66 sequences with 16385 columns, 173 distinct patterns
115 parsimony-informative, 62 singleton sites, 16208 constant sites
              Gap/Ambiguity  Composition  p-value
Analyzing sequences: done in 4.19617e-05 secs using 92.94% CPU
   1  Pcra.mito.20    0.02%    passed    100.00%
   2  Pcra.mito.21    0.03%    passed     99.99%
   3  Pcra.mito.63    0.54%    passed     99.85%
   4  Pcra.mito.22    0.02%    passed     99.99%
   5  Pcra.mito.23    0.02%    passed     99.99%
   6  Pcra.mito.24    0.02%    passed     99.98%
   7  Pcra.mito.05    0.02%    passed    100.00%
   8  Pcra.mito.25    0.07%    passed    100.00%
   9  Pcra.mito.67    0.02%    passed    100.00%
  10  Pcra.mito.26    0.02%    passed     99.99%
  11  Pcra.mito.27    0.02%    passed    100.00%
  12  Pcra.mito.04    0.02%    passed     99.99%
  13  Pcra.mito.10    0.01%    passed     99.99%
  14  Pcra.mito.28    0.04%    passed     99.99%
  15  Pcra.mito.29    0.02%    passed     99.99%
  16  Pcra.mito.06    0.02%    passed    100.00%
  17  Pcra.mito.01    0.02%    passed    100.00%
  18  Pcra.mito.30    0.02%    passed    100.00%
  19  Pcra.mito.11    0.05%    passed    100.00%
  20  Pcra.mito.31    0.02%    passed    100.00%
  21  Pcra.mito.12    0.02%    passed    100.00%
  22  Pcra.mito.32    0.02%    passed    100.00%
  23  Pcra.mito.33    0.02%    passed     99.99%
  24  Pcra.mito.60    0.04%    passed    100.00%
  25  Pcra.mito.34    0.02%    passed    100.00%
  26  Pcra.mito.66    0.04%    passed    100.00%
  27  Pcra.mito.35    0.02%    passed     99.99%
  28  Pcra.mito.09    0.02%    passed    100.00%
  29  Pcra.mito.36    0.02%    passed    100.00%
  30  Pcra.mito.37    0.02%    passed    100.00%
  31  Pcra.mito.38    0.02%    passed    100.00%
  32  Pcra.mito.02    0.02%    passed     99.98%
  33  Pcra.mito.39    0.02%    passed     99.96%
  34  Pcra.mito.13    0.02%    passed    100.00%
  35  Pcra.mito.40    0.02%    passed     99.99%
  36  Pcra.mito.41    0.02%    passed     99.98%
  37  Pcra.mito.07    0.02%    passed    100.00%
  38  Pcra.mito.42    0.02%    passed    100.00%
  39  Pcra.mito.43    0.03%    passed     99.99%
  40  Pcra.mito.44    0.02%    passed     99.99%
  41  Pcra.mito.64    0.07%    passed     99.99%
  42  Pcra.mito.65    0.12%    passed     99.98%
  43  Pcra.mito.45    0.26%    passed     99.96%
  44  Pcra.mito.08    0.02%    passed    100.00%
  45  Pcra.mito.46    0.02%    passed     99.99%
  46  Pcra.mito.14    0.01%    passed     99.98%
  47  Pcra.mito.15    0.01%    passed     99.96%
  48  Pcra.mito.59    0.09%    passed    100.00%
  49  Pcra.mito.47    0.02%    passed    100.00%
  50  Pcra.mito.16    0.02%    passed    100.00%
  51  Pcra.mito.48    0.02%    passed     99.99%
  52  Pcra.mito.49    0.02%    passed    100.00%
  53  Pcra.mito.50    0.02%    passed     99.99%
  54  Pcra.mito.51    0.02%    passed    100.00%
  55  Pcra.mito.17    0.02%    passed    100.00%
  56  Pcra.mito.61    0.05%    passed    100.00%
  57  Pcra.mito.18    0.02%    passed    100.00%
  58  Pcra.mito.52    0.02%    passed    100.00%
  59  Pcra.mito.53    0.02%    passed     99.99%
  60  Pcra.mito.54    0.02%    passed    100.00%
  61  Pcra.mito.55    0.02%    passed     99.98%
  62  Pcra.mito.56    0.02%    passed    100.00%
  63  Pcra.mito.57    0.02%    passed     99.99%
  64  Pcra.mito.03    0.02%    passed     99.99%
  65  Pcra.mito.58    0.02%    passed    100.00%
  66  Pcra.mito.19    0.01%    passed     99.98%
****  TOTAL           0.04%  0 sequences failed composition chi2 test (p-value<5%; df=3)
NOTE: No CharPartition defined, use all CharSets

Loading 13 partitions...
Subset	Type	Seqs	Sites	Infor	Invar	Model	Name
1		66	171	0	171	MF+MERGE	ND6_pos3
WARNING: No variant sites in partition ND6_pos3
2		66	319	3	316	MF+MERGE	ND1_pos3
3		66	348	3	343	MF+MERGE	ND2_pos3
4		66	517	7	506	MF+MERGE	COX1_pos3
5		66	228	4	223	MF+MERGE	COX2_pos3
6		66	53	2	51	MF+MERGE	ATP8_pos3
7		66	226	4	222	MF+MERGE	ATP6_pos3
8		66	262	2	257	MF+MERGE	COX3_pos3
9		66	119	3	114	MF+MERGE	ND3_pos3
10		66	96	2	94	MF+MERGE	ND4L_pos3
11		66	475	5	468	MF+MERGE	ND4_pos3
12		66	607	12	588	MF+MERGE	ND5_pos3
13		66	380	6	370	MF+MERGE	CYTB_pos3
Degree of missing data: 0.000
Info: multi-threading strategy over partitions

NOTE: Pcra.mito.22 is identical to Pcra.mito.21 but kept for subsequent analysis
NOTE: Pcra.mito.50 is identical to Pcra.mito.24 but kept for subsequent analysis
NOTE: Pcra.mito.60 is identical to Pcra.mito.05 but kept for subsequent analysis
NOTE: Pcra.mito.31 is identical to Pcra.mito.26 but kept for subsequent analysis
NOTE: Pcra.mito.01 is identical to Pcra.mito.04 but kept for subsequent analysis
NOTE: Pcra.mito.47 is identical to Pcra.mito.29 but kept for subsequent analysis
NOTE: Pcra.mito.37 is identical to Pcra.mito.30 but kept for subsequent analysis
NOTE: Pcra.mito.58 is identical to Pcra.mito.38 but kept for subsequent analysis
NOTE: Pcra.mito.39 is identical to Pcra.mito.02 but kept for subsequent analysis
NOTE: Pcra.mito.41 is identical to Pcra.mito.40 but kept for subsequent analysis
NOTE: 12 identical sequences (see below) will be ignored for subsequent analysis
NOTE: Pcra.mito.23 (identical to Pcra.mito.21) is ignored but added at the end
NOTE: Pcra.mito.34 (identical to Pcra.mito.21) is ignored but added at the end
NOTE: Pcra.mito.51 (identical to Pcra.mito.24) is ignored but added at the end
NOTE: Pcra.mito.17 (identical to Pcra.mito.24) is ignored but added at the end
NOTE: Pcra.mito.32 (identical to Pcra.mito.26) is ignored but added at the end
NOTE: Pcra.mito.48 (identical to Pcra.mito.26) is ignored but added at the end
NOTE: Pcra.mito.35 (identical to Pcra.mito.04) is ignored but added at the end
NOTE: Pcra.mito.36 (identical to Pcra.mito.04) is ignored but added at the end
NOTE: Pcra.mito.42 (identical to Pcra.mito.04) is ignored but added at the end
NOTE: Pcra.mito.56 (identical to Pcra.mito.29) is ignored but added at the end
NOTE: Pcra.mito.03 (identical to Pcra.mito.29) is ignored but added at the end
NOTE: Pcra.mito.49 (identical to Pcra.mito.30) is ignored but added at the end
Alignment was printed to IQtree/aln3-CDS-3rd-codons/aln3-CDS-3rd-codons.uniqueseq.phy

For your convenience alignment with unique sequences printed to IQtree/aln3-CDS-3rd-codons/aln3-CDS-3rd-codons.uniqueseq.phy


Create initial parsimony tree by phylogenetic likelihood library (PLL)... 0.001 seconds
Measuring multi-threading efficiency up to 12 CPU cores
Increase to 10 rounds for branch lengths
963 trees examined
Threads: 1 / Time: 12.009 sec / Speedup: 1.000 / Efficiency: 100% / LogL: -6139
Threads: 2 / Time: 12.502 sec / Speedup: 0.961 / Efficiency: 48% / LogL: -6139
BEST NUMBER OF THREADS: 1

Perform fast likelihood tree search using GTR model...
Estimate model parameters (epsilon = 5.000)
Initial log-likelihood: -5102.471
Current log-likelihood at step 1: -4983.483
Current log-likelihood at step 2: -4979.351
Parameters optimization took 1 rounds (0.071 sec)


WARNING: Estimated model parameters are at boundary that can cause numerical instability!

Perform nearest neighbor interchange...
Estimate model parameters (epsilon = 1.000)
Initial log-likelihood: -4979.351
Current log-likelihood at step 1: -4978.410
Partition-specific rates:  0.097 0.550 0.778 1.093 1.117 1.700 0.785 0.874 2.226 0.942 0.661 1.415 1.301
Parameters optimization took 0 rounds (0.026 sec)


WARNING: Estimated model parameters are at boundary that can cause numerical instability!

Time for fast ML tree search: 0.114 seconds

NOTE: ModelFinder requires 0 MB RAM!

PartitionFinder's parameters:
Fast Relaxed Algorithm
Percentage: 10.000
Maximum pairs: 130

Selecting individual models for 13 charsets using BIC...
Full partition model BIC score: 11976.196 (LnL: -4978.328  df:245)
Merging models to increase model fit (about 32 total partition schemes)...
5 compatible better partition pairs found
ModelFinder2	Fast Relaxed Algorithm	Step 1	10 Subsets	BIC 11568.391	deltaBIC -407.805
2 compatible better partition pairs found
ModelFinder2	Fast Relaxed Algorithm	Step 2	4 Subsets	BIC 11396.373	deltaBIC -172.019
2 compatible better partition pairs found
ModelFinder2	Fast Relaxed Algorithm	Step 3	3 Subsets	BIC 11258.452	deltaBIC -137.921
ModelFinder2	Fast Relaxed Algorithm	Step 4	2 Subsets	BIC 11169.735	deltaBIC -88.717
ModelFinder2	Fast Relaxed Algorithm	Step 5	1 Subsets	BIC 11089.444	deltaBIC -80.290
ModelFinder2	Fast Relaxed Algorithm	Step 6	1 Subsets	BIC 11038.876	deltaBIC -50.568
Merging into 1 partitions...

No. Model        Score       Charset
+R3 reinitialized from +R2 with factor 0.500
   1 HKY+F        10146.131   ND6_pos3+ND1_pos3+ND2_pos3+COX1_pos3+COX2_pos3+ATP8_pos3+ATP6_pos3+COX3_pos3+ND3_pos3+ND4L_pos3+ND4_pos3+ND5_pos3+CYTB_pos3
Best partition model BIC score: 11003.405 (LnL: -5052.458  df:109)
Partition information was printed to IQtree/aln3-CDS-3rd-codons/aln3-CDS-3rd-codons.best_scheme.nex
Partition information in Raxml format was printed to IQtree/aln3-CDS-3rd-codons/aln3-CDS-3rd-codons.best_scheme

All model information printed to IQtree/aln3-CDS-3rd-codons/aln3-CDS-3rd-codons.model.gz
CPU time for ModelFinder: 27.624 seconds (0h:0m:27s)
Wall-clock time for ModelFinder: 25.358 seconds (0h:0m:25s)

NOTE: 0 MB RAM (0 GB) is required!
Estimate model parameters (epsilon = 0.010)
Initial log-likelihood: -5152.438
Current log-likelihood at step 1: -5052.309
Current log-likelihood at step 2: -5052.309
Partition-specific rates:  1.000
Parameters optimization took 1 rounds (0.002 sec)


WARNING: Estimated model parameters are at boundary that can cause numerical instability!

Wrote distance file to... 
Partition information was printed to IQtree/aln3-CDS-3rd-codons/aln3-CDS-3rd-codons.best_model.nex
BEST SCORE FOUND : -5052.309
Total tree length: 0.021

Total number of iterations: 0
CPU time used for tree search: 0.000 sec (0h:0m:0s)
Wall-clock time used for tree search: 0.000 sec (0h:0m:0s)
Total CPU time used: 27.629 sec (0h:0m:27s)
Total wall-clock time used: 25.363 sec (0h:0m:25s)

Analysis results written to: 
  IQ-TREE report:                IQtree/aln3-CDS-3rd-codons/aln3-CDS-3rd-codons.iqtree
  Tree used for ModelFinder:     IQtree/aln3-CDS-3rd-codons/aln3-CDS-3rd-codons.treefile
  Best partitioning scheme:      IQtree/aln3-CDS-3rd-codons/aln3-CDS-3rd-codons.best_scheme.nex
           in RAxML format:      IQtree/aln3-CDS-3rd-codons/aln3-CDS-3rd-codons.best_scheme
  Screen log file:               IQtree/aln3-CDS-3rd-codons/aln3-CDS-3rd-codons.log

Date and Time: Fri May  9 13:30:08 2025
